// Jest Snapshot v1, https://goo.gl/fbAQLP

exports[`generateLinkedList should generate linked list from values 2 1`] = `
{
  "next": {
    "next": {
      "next": {
        "next": null,
        "value": null,
      },
      "value": {
        "baz": "ffuuu-----",
        "id": 33,
      },
    },
    "value": {
      "baz": "damn",
      "id": 22,
    },
  },
  "value": {
    "baz": "boo",
    "id": 11,
  },
}
`;
